
> bridge-gap@1.0.0 build-storybook
> storybook build --output-dir=/var/folders/mx/s0d4b1h93vjf5rwdss2tg20w0000gn/T/chromatic--49054-n2MPN212SQGs


[90m┌[39m  Building storybook v10.2.7
[90m│[39m
[32m◇[39m  Cleaning outputDir:
[90m│[39m  [36m../../../../var/folders/mx/s0d4b1h93vjf5rwdss2tg20w0000gn/T/chromatic--49054-n2MPN212SQGs[39m
[90m│[39m
[32m◇[39m  Loading presets
[90m│[39m
[32m◇[39m  Building manager..
[90m│[39m
[34m●[39m  Building preview..
[90m│[39m  [43mVite[49m [36mvite v7.3.1 [32mbuilding client environment for production...[36m[39m
[90m│[39m
[34m●[39m  Copying static files: [36mcss[39m at
[90m│[39m  [36m../../../../var/folders/mx/s0d4b1h93vjf5rwdss2tg20w0000gn/T/chromatic--49054-n2MPN212SQGs/css[39m
[90m│[39m  [43mVite[49m transforming...
[90m│[39m  [43mVite[49m [32m✓[39m 202 modules transformed.
[90m│[39m  [43mVite[49m rendering chunks...
[90m│[39m  [43mVite[49m computing gzip size...
[90m│[39m  [43mVite[49m
[90m│[39m  [2m../../../../var/folders/mx/s0d4b1h93vjf5rwdss2tg20w0000gn/T/chromatic--49054-n2MPN212SQGs/[22m[2massets/[22m[32mcontext-C0qIqeS4.png[39m[1m[2m[22m
[90m│[39m  [2m6.12 kB[22m[1m[22m
[90m│[39m  [43mVite[49m
[90m│[39m  [2m../../../../var/folders/mx/s0d4b1h93vjf5rwdss2tg20w0000gn/T/chromatic--49054-n2MPN212SQGs/[22m[2massets/[22m[32mstyling-Bk6zjRzU.png[39m[1m[2m[22m
[90m│[39m  [2m7.24 kB[22m[1m[22m
[90m│[39m  [43mVite[49m
[90m│[39m  [2m../../../../var/folders/mx/s0d4b1h93vjf5rwdss2tg20w0000gn/T/chromatic--49054-n2MPN212SQGs/[22m[32miframe.html[39m[1m[2m[22m
[90m│[39m  [2m18.53 kB[22m[1m[22m[2m │ gzip:   5.22 kB[22m
[90m│[39m  [43mVite[49m
[90m│[39m  [2m../../../../var/folders/mx/s0d4b1h93vjf5rwdss2tg20w0000gn/T/chromatic--49054-n2MPN212SQGs/[22m[2massets/[22m[32mdocs---vsFbMi.png[39m[1m[2m[22m
[90m│[39m  [2m27.88 kB[22m[1m[22m
[90m│[39m  [43mVite[49m
[90m│[39m  [2m../../../../var/folders/mx/s0d4b1h93vjf5rwdss2tg20w0000gn/T/chromatic--49054-n2MPN212SQGs/[22m[2massets/[22m[32mshare-DGA-UcQf.png[39m[1m[2m[22m
[90m│[39m  [2m40.77 kB[22m[1m[22m
[90m│[39m  [43mVite[49m
[90m│[39m  [2m../../../../var/folders/mx/s0d4b1h93vjf5rwdss2tg20w0000gn/T/chromatic--49054-n2MPN212SQGs/[22m[2massets/[22m[32maccessibility-W_h2acOZ.png[39m[1m[2m[22m
[90m│[39m  [2m42.34 kB[22m[1m[22m
[90m│[39m  [43mVite[49m
[90m│[39m  [2m../../../../var/folders/mx/s0d4b1h93vjf5rwdss2tg20w0000gn/T/chromatic--49054-n2MPN212SQGs/[22m[2massets/[22m[32mfigma-plugin-CH2hELiO.png[39m[1m[2m[22m
[90m│[39m  [2m44.25 kB[22m[1m[22m
[90m│[39m  [43mVite[49m
[90m│[39m  [2m../../../../var/folders/mx/s0d4b1h93vjf5rwdss2tg20w0000gn/T/chromatic--49054-n2MPN212SQGs/[22m[2massets/[22m[32mtheming-D6WJLNoW.png[39m[1m[2m[22m
[90m│[39m  [2m44.37 kB[22m[1m[22m
[90m│[39m  [43mVite[49m
[90m│[39m  [2m../../../../var/folders/mx/s0d4b1h93vjf5rwdss2tg20w0000gn/T/chromatic--49054-n2MPN212SQGs/[22m[2massets/[22m[32mtesting-cbzR9l9r.png[39m[1m[2m[22m
[90m│[39m  [2m49.31 kB[22m[1m[22m
[90m│[39m  [43mVite[49m
[90m│[39m  [2m../../../../var/folders/mx/s0d4b1h93vjf5rwdss2tg20w0000gn/T/chromatic--49054-n2MPN212SQGs/[22m[2massets/[22m[32maddon-library-BWUCAmyN.png[39m
[90m│[39m  [32m[39m[1m[2m467.37 kB[22m[1m[22m
[90m│[39m  [43mVite[49m
[90m│[39m  [2m../../../../var/folders/mx/s0d4b1h93vjf5rwdss2tg20w0000gn/T/chromatic--49054-n2MPN212SQGs/[22m[2massets/[22m[35mHeader-Ck-SSN7O.css[39m[1m[2m[22m
[90m│[39m  [2m0.51 kB[22m[1m[22m[2m │ gzip:   0.30 kB[22m
[90m│[39m  [43mVite[49m
[90m│[39m  [2m../../../../var/folders/mx/s0d4b1h93vjf5rwdss2tg20w0000gn/T/chromatic--49054-n2MPN212SQGs/[22m[2massets/[22m[35mButton-BQniAmSd.css[39m[1m[2m[22m
[90m│[39m  [2m0.72 kB[22m[1m[22m[2m │ gzip:   0.33 kB[22m
[90m│[39m  [43mVite[49m
[90m│[39m  [2m../../../../var/folders/mx/s0d4b1h93vjf5rwdss2tg20w0000gn/T/chromatic--49054-n2MPN212SQGs/[22m[2massets/[22m[35mPage-CeeQJVdd.css[39m[1m[2m[22m
[90m│[39m  [2m0.91 kB[22m[1m[22m[2m │ gzip:   0.39 kB[22m
[90m│[39m  [43mVite[49m
[90m│[39m  [2m../../../../var/folders/mx/s0d4b1h93vjf5rwdss2tg20w0000gn/T/chromatic--49054-n2MPN212SQGs/[22m[2massets/[22m[35mBrandPalette-5WA1kT0p.css[39m[1m[2m[22m
[90m│[39m  [2m5.06 kB[22m[1m[22m[2m │ gzip:   1.21 kB[22m
[90m│[39m  [43mVite[49m
[90m│[39m  [2m../../../../var/folders/mx/s0d4b1h93vjf5rwdss2tg20w0000gn/T/chromatic--49054-n2MPN212SQGs/[22m[2massets/[22m[36m_commonjsHelpers-CqkleIqs.js[39m[1m[2m[22m
[90m│[39m  [2m0.12 kB[22m[1m[22m[2m │ gzip:   0.13 kB[22m
[90m│[39m  [43mVite[49m
[90m│[39m  [2m../../../../var/folders/mx/s0d4b1h93vjf5rwdss2tg20w0000gn/T/chromatic--49054-n2MPN212SQGs/[22m[2massets/[22m[36mformatter-EIJCOSYU-DlxQqool.js[39m[1m[2m[22m
[90m│[39m  [2m0.25 kB[22m[1m[22m[2m │ gzip:   0.21 kB[22m
[90m│[39m  [43mVite[49m
[90m│[39m  [2m../../../../var/folders/mx/s0d4b1h93vjf5rwdss2tg20w0000gn/T/chromatic--49054-n2MPN212SQGs/[22m[2massets/[22m[36mindex-B_MGgWR0.js[39m[1m[2m[22m
[90m│[39m  [2m0.53 kB[22m[1m[22m[2m │ gzip:   0.33 kB[22m
[90m│[39m  [43mVite[49m
[90m│[39m  [2m../../../../var/folders/mx/s0d4b1h93vjf5rwdss2tg20w0000gn/T/chromatic--49054-n2MPN212SQGs/[22m[2massets/[22m[36mpreload-helper-PPVm8Dsz.js[39m[1m[2m[22m
[90m│[39m  [2m1.23 kB[22m[1m[22m[2m │ gzip:   0.71 kB[22m
[90m│[39m  [43mVite[49m
[90m│[39m  [2m../../../../var/folders/mx/s0d4b1h93vjf5rwdss2tg20w0000gn/T/chromatic--49054-n2MPN212SQGs/[22m[2massets/[22m[36mButton.stories-CYpSWig2.js[39m[1m[2m[22m
[90m│[39m  [2m1.32 kB[22m[1m[22m[2m │ gzip:   0.54 kB[22m
[90m│[39m  [43mVite[49m
[90m│[39m  [2m../../../../var/folders/mx/s0d4b1h93vjf5rwdss2tg20w0000gn/T/chromatic--49054-n2MPN212SQGs/[22m[2massets/[22m[36mButton-Bbp569UZ.js[39m[1m[2m[22m
[90m│[39m  [2m1.49 kB[22m[1m[22m[2m │ gzip:   0.84 kB[22m
[90m│[39m  [43mVite[49m
[90m│[39m  [2m../../../../var/folders/mx/s0d4b1h93vjf5rwdss2tg20w0000gn/T/chromatic--49054-n2MPN212SQGs/[22m[2massets/[22m[36mHeader.stories-BvQ4mEgM.js[39m[1m[2m[22m
[90m│[39m  [2m1.77 kB[22m[1m[22m[2m │ gzip:   0.89 kB[22m
[90m│[39m  [43mVite[49m
[90m│[39m  [2m../../../../var/folders/mx/s0d4b1h93vjf5rwdss2tg20w0000gn/T/chromatic--49054-n2MPN212SQGs/[22m[2massets/[22m[36mPage.stories-CbG98rBF.js[39m[1m[2m[22m
[90m│[39m  [2m2.91 kB[22m[1m[22m[2m │ gzip:   1.27 kB[22m
[90m│[39m  [43mVite[49m
[90m│[39m  [2m../../../../var/folders/mx/s0d4b1h93vjf5rwdss2tg20w0000gn/T/chromatic--49054-n2MPN212SQGs/[22m[2massets/[22m[36mConfigure-DImX_QPC.js[39m[1m[2m[22m
[90m│[39m  [2m25.69 kB[22m[1m[22m[2m │ gzip:  10.97 kB[22m
[90m│[39m  [43mVite[49m
[90m│[39m  [2m../../../../var/folders/mx/s0d4b1h93vjf5rwdss2tg20w0000gn/T/chromatic--49054-n2MPN212SQGs/[22m[36mvite-inject-mocker-entry.js[39m[1m[2m[22m
[90m│[39m  [2m28.11 kB[22m[1m[22m[2m │ gzip:   9.82 kB[22m
[90m│[39m  [43mVite[49m
[90m│[39m  [2m../../../../var/folders/mx/s0d4b1h93vjf5rwdss2tg20w0000gn/T/chromatic--49054-n2MPN212SQGs/[22m[2massets/[22m[36mmatchers-5TDFFDYO-HJu_DfWo.js[39m[1m[2m[22m
[90m│[39m  [2m29.23 kB[22m[1m[22m[2m │ gzip:  10.06 kB[22m
[90m│[39m  [43mVite[49m
[90m│[39m  [2m../../../../var/folders/mx/s0d4b1h93vjf5rwdss2tg20w0000gn/T/chromatic--49054-n2MPN212SQGs/[22m[2massets/[22m[36mColor-6BZIO3FS-D9gun_hc.js[39m[1m[2m[22m
[90m│[39m  [2m29.93 kB[22m[1m[22m[2m │ gzip:  11.35 kB[22m
[90m│[39m  [43mVite[49m
[90m│[39m  [2m../../../../var/folders/mx/s0d4b1h93vjf5rwdss2tg20w0000gn/T/chromatic--49054-n2MPN212SQGs/[22m[2massets/[22m[36mWithTooltip-65CFNBJE-CAf2eCK3.js[39m[1m[2m[22m
[90m│[39m  [2m33.07 kB[22m[1m[22m[2m │ gzip:  11.64 kB[22m
[90m│[39m  [43mVite[49m
[90m│[39m  [2m../../../../var/folders/mx/s0d4b1h93vjf5rwdss2tg20w0000gn/T/chromatic--49054-n2MPN212SQGs/[22m[2massets/[22m[36msyntaxhighlighter-ED5Y7EFY-DhirhKn8.js[39m[1m[2m[22m
[90m│[39m  [2m78.05 kB[22m[1m[22m[2m │ gzip:  27.34 kB[22m
[90m│[39m  [43mVite[49m
[90m│[39m  [2m../../../../var/folders/mx/s0d4b1h93vjf5rwdss2tg20w0000gn/T/chromatic--49054-n2MPN212SQGs/[22m[2massets/[22m[36mDocsRenderer-LL677BLK-CF_oMaul.js[39m
[90m│[39m  [36m[39m[1m[2m182.25 kB[22m[1m[22m[2m │ gzip:  57.56 kB[22m
[90m│[39m  [43mVite[49m
[90m│[39m  [2m../../../../var/folders/mx/s0d4b1h93vjf5rwdss2tg20w0000gn/T/chromatic--49054-n2MPN212SQGs/[22m[2massets/[22m[36mBrandPalette.stories-CdY1bFbO.js[39m
[90m│[39m  [36m[39m[1m[2m436.01 kB[22m[1m[22m[2m │ gzip:  18.03 kB[22m
[90m│[39m  [43mVite[49m
[90m│[39m  [2m../../../../var/folders/mx/s0d4b1h93vjf5rwdss2tg20w0000gn/T/chromatic--49054-n2MPN212SQGs/[22m[2massets/[22m[36maxe-d9UbSZVA.js[39m
[90m│[39m  [36m[39m[1m[33m579.71 kB[39m[22m[2m │ gzip: 159.60 kB[22m
[90m│[39m  [43mVite[49m
[90m│[39m  [2m../../../../var/folders/mx/s0d4b1h93vjf5rwdss2tg20w0000gn/T/chromatic--49054-n2MPN212SQGs/[22m[2massets/[22m[36mblocks-Rruq8l84.js[39m
[90m│[39m  [36m[39m[1m[33m815.28 kB[39m[22m[2m │ gzip: 261.10 kB[22m
[90m│[39m  [43mVite[49m
[90m│[39m  [2m../../../../var/folders/mx/s0d4b1h93vjf5rwdss2tg20w0000gn/T/chromatic--49054-n2MPN212SQGs/[22m[2massets/[22m[36miframe-I1iEau3p.js[39m
[90m│[39m  [36m[39m[1m[33m878.13 kB[39m[22m[2m │ gzip: 250.01 kB[22m
[90m│[39m
[33m▲[39m  [43mVite[49m[33m
[90m│[39m  (!) Some chunks are larger than 500 kB after minification. Consider:
[90m│[39m  - Using dynamic import() to code-split the application
[90m│[39m  - Use build.rollupOptions.output.manualChunks to improve chunking:
[90m│[39m  ]8;;https://rollupjs.org/configuration-options/#output-manualchunkshttps://rollupjs.org/configuration-options/#output-manualchunks]8;;
[90m│[39m  - Adjust chunk size limit for this warning via
[90m│[39m  build.chunkSizeWarningLimit.[39m
[90m│[39m  [43mVite[49m [32m✓ built in 2.92s[39m
[90m│[39m
[32m◇[39m  Output directory:
[90m│[39m  /var/folders/mx/s0d4b1h93vjf5rwdss2tg20w0000gn/T/chromatic--49054-n2MPN212SQGs
[90m│[39m
[90m└[39m  Storybook build completed successfully

